------------------------------------------------------------
Timing Analyzer Summary
------------------------------------------------------------

Type  : Slow 1200mV 85C Model Setup '7493:min_lo|16'
Slack : -2.248
TNS   : -2.252

Type  : Slow 1200mV 85C Model Setup '7493:sec_hi|16'
Slack : -1.467
TNS   : -1.467

Type  : Slow 1200mV 85C Model Setup 'CLOCK_60'
Slack : -1.377
TNS   : -1.377

Type  : Slow 1200mV 85C Model Setup 'HALT'
Slack : -1.374
TNS   : -3.281

Type  : Slow 1200mV 85C Model Setup '7493:min_hi|16'
Slack : -1.355
TNS   : -1.355

Type  : Slow 1200mV 85C Model Setup '7493:sec_lo|13'
Slack : -1.259
TNS   : -1.725

Type  : Slow 1200mV 85C Model Setup '7490:ms|7'
Slack : -0.652
TNS   : -1.262

Type  : Slow 1200mV 85C Model Setup '7490:div_by_10|14'
Slack : -0.546
TNS   : -0.546

Type  : Slow 1200mV 85C Model Setup '7490:div_by_10|7'
Slack : -0.544
TNS   : -0.544

Type  : Slow 1200mV 85C Model Setup '7490:ms|19'
Slack : -0.324
TNS   : -0.324

Type  : Slow 1200mV 85C Model Setup '7493:sec_lo|16'
Slack : -0.124
TNS   : -0.124

Type  : Slow 1200mV 85C Model Setup '7493:hour|16'
Slack : 0.004
TNS   : 0.000

Type  : Slow 1200mV 85C Model Hold '7493:sec_lo|16'
Slack : -0.751
TNS   : -0.751

Type  : Slow 1200mV 85C Model Hold '7490:ms|19'
Slack : 0.332
TNS   : 0.000

Type  : Slow 1200mV 85C Model Hold '7490:ms|7'
Slack : 0.357
TNS   : 0.000

Type  : Slow 1200mV 85C Model Hold '7490:div_by_10|7'
Slack : 0.360
TNS   : 0.000

Type  : Slow 1200mV 85C Model Hold '7493:hour|16'
Slack : 0.381
TNS   : 0.000

Type  : Slow 1200mV 85C Model Hold '7493:min_lo|16'
Slack : 0.381
TNS   : 0.000

Type  : Slow 1200mV 85C Model Hold '7493:min_hi|16'
Slack : 0.384
TNS   : 0.000

Type  : Slow 1200mV 85C Model Hold '7493:sec_hi|16'
Slack : 0.384
TNS   : 0.000

Type  : Slow 1200mV 85C Model Hold 'HALT'
Slack : 0.385
TNS   : 0.000

Type  : Slow 1200mV 85C Model Hold '7493:sec_lo|13'
Slack : 0.607
TNS   : 0.000

Type  : Slow 1200mV 85C Model Hold '7490:div_by_10|14'
Slack : 0.622
TNS   : 0.000

Type  : Slow 1200mV 85C Model Hold 'CLOCK_60'
Slack : 1.230
TNS   : 0.000

Type  : Slow 1200mV 85C Model Recovery '7493:min_hi|16'
Slack : -4.177
TNS   : -5.772

Type  : Slow 1200mV 85C Model Recovery '7493:min_lo|16'
Slack : -4.169
TNS   : -15.868

Type  : Slow 1200mV 85C Model Recovery '7493:hour|16'
Slack : -2.973
TNS   : -8.911

Type  : Slow 1200mV 85C Model Recovery '7493:sec_hi|16'
Slack : -2.470
TNS   : -4.735

Type  : Slow 1200mV 85C Model Recovery 'HALT'
Slack : -2.377
TNS   : -5.643

Type  : Slow 1200mV 85C Model Recovery '7493:sec_lo|13'
Slack : -2.262
TNS   : -3.592

Type  : Slow 1200mV 85C Model Recovery '7493:sec_lo|16'
Slack : -1.539
TNS   : -5.605

Type  : Slow 1200mV 85C Model Recovery '7490:ms|7'
Slack : -1.520
TNS   : -2.366

Type  : Slow 1200mV 85C Model Recovery 'CLOCK_60'
Slack : -1.414
TNS   : -1.414

Type  : Slow 1200mV 85C Model Recovery '7490:div_by_10|7'
Slack : -1.367
TNS   : -2.734

Type  : Slow 1200mV 85C Model Recovery '7490:ms|19'
Slack : -1.234
TNS   : -1.234

Type  : Slow 1200mV 85C Model Recovery '7490:div_by_10|14'
Slack : -1.184
TNS   : -1.184

Type  : Slow 1200mV 85C Model Removal '7493:sec_lo|16'
Slack : 0.209
TNS   : 0.000

Type  : Slow 1200mV 85C Model Removal '7490:ms|19'
Slack : 0.385
TNS   : 0.000

Type  : Slow 1200mV 85C Model Removal '7490:ms|7'
Slack : 0.446
TNS   : 0.000

Type  : Slow 1200mV 85C Model Removal '7493:sec_lo|13'
Slack : 0.565
TNS   : 0.000

Type  : Slow 1200mV 85C Model Removal 'CLOCK_60'
Slack : 1.320
TNS   : 0.000

Type  : Slow 1200mV 85C Model Removal 'HALT'
Slack : 1.325
TNS   : 0.000

Type  : Slow 1200mV 85C Model Removal '7490:div_by_10|7'
Slack : 1.330
TNS   : 0.000

Type  : Slow 1200mV 85C Model Removal '7490:div_by_10|14'
Slack : 1.419
TNS   : 0.000

Type  : Slow 1200mV 85C Model Removal '7493:sec_hi|16'
Slack : 1.487
TNS   : 0.000

Type  : Slow 1200mV 85C Model Removal '7493:min_hi|16'
Slack : 1.873
TNS   : 0.000

Type  : Slow 1200mV 85C Model Removal '7493:min_lo|16'
Slack : 2.614
TNS   : 0.000

Type  : Slow 1200mV 85C Model Removal '7493:hour|16'
Slack : 3.324
TNS   : 0.000

Type  : Slow 1200mV 85C Model Minimum Pulse Width 'HALT'
Slack : -3.000
TNS   : -7.000

Type  : Slow 1200mV 85C Model Minimum Pulse Width 'CLOCK_60'
Slack : -3.000
TNS   : -4.000

Type  : Slow 1200mV 85C Model Minimum Pulse Width '7490:ms|7'
Slack : -1.000
TNS   : -4.000

Type  : Slow 1200mV 85C Model Minimum Pulse Width '7493:min_lo|16'
Slack : -1.000
TNS   : -4.000

Type  : Slow 1200mV 85C Model Minimum Pulse Width '7493:sec_lo|16'
Slack : -1.000
TNS   : -4.000

Type  : Slow 1200mV 85C Model Minimum Pulse Width '7493:hour|16'
Slack : -1.000
TNS   : -3.000

Type  : Slow 1200mV 85C Model Minimum Pulse Width '7490:div_by_10|7'
Slack : -1.000
TNS   : -2.000

Type  : Slow 1200mV 85C Model Minimum Pulse Width '7493:min_hi|16'
Slack : -1.000
TNS   : -2.000

Type  : Slow 1200mV 85C Model Minimum Pulse Width '7493:sec_hi|16'
Slack : -1.000
TNS   : -2.000

Type  : Slow 1200mV 85C Model Minimum Pulse Width '7493:sec_lo|13'
Slack : -1.000
TNS   : -2.000

Type  : Slow 1200mV 85C Model Minimum Pulse Width '7490:div_by_10|14'
Slack : -1.000
TNS   : -1.000

Type  : Slow 1200mV 85C Model Minimum Pulse Width '7490:ms|19'
Slack : -1.000
TNS   : -1.000

Type  : Slow 1200mV 0C Model Setup '7493:min_lo|16'
Slack : -2.014
TNS   : -2.014

Type  : Slow 1200mV 0C Model Setup '7493:sec_hi|16'
Slack : -1.347
TNS   : -1.347

Type  : Slow 1200mV 0C Model Setup '7493:min_hi|16'
Slack : -1.208
TNS   : -1.208

Type  : Slow 1200mV 0C Model Setup 'CLOCK_60'
Slack : -1.189
TNS   : -1.189

Type  : Slow 1200mV 0C Model Setup 'HALT'
Slack : -1.179
TNS   : -2.729

Type  : Slow 1200mV 0C Model Setup '7493:sec_lo|13'
Slack : -1.162
TNS   : -1.523

Type  : Slow 1200mV 0C Model Setup '7490:ms|7'
Slack : -0.496
TNS   : -0.966

Type  : Slow 1200mV 0C Model Setup '7490:div_by_10|14'
Slack : -0.458
TNS   : -0.458

Type  : Slow 1200mV 0C Model Setup '7490:div_by_10|7'
Slack : -0.385
TNS   : -0.385

Type  : Slow 1200mV 0C Model Setup '7490:ms|19'
Slack : -0.215
TNS   : -0.215

Type  : Slow 1200mV 0C Model Setup '7493:sec_lo|16'
Slack : -0.059
TNS   : -0.059

Type  : Slow 1200mV 0C Model Setup '7493:hour|16'
Slack : 0.122
TNS   : 0.000

Type  : Slow 1200mV 0C Model Hold '7493:sec_lo|16'
Slack : -0.682
TNS   : -0.682

Type  : Slow 1200mV 0C Model Hold '7490:ms|19'
Slack : 0.278
TNS   : 0.000

Type  : Slow 1200mV 0C Model Hold '7490:ms|7'
Slack : 0.312
TNS   : 0.000

Type  : Slow 1200mV 0C Model Hold '7490:div_by_10|7'
Slack : 0.320
TNS   : 0.000

Type  : Slow 1200mV 0C Model Hold '7493:hour|16'
Slack : 0.333
TNS   : 0.000

Type  : Slow 1200mV 0C Model Hold '7493:min_lo|16'
Slack : 0.333
TNS   : 0.000

Type  : Slow 1200mV 0C Model Hold '7493:min_hi|16'
Slack : 0.341
TNS   : 0.000

Type  : Slow 1200mV 0C Model Hold '7493:sec_hi|16'
Slack : 0.341
TNS   : 0.000

Type  : Slow 1200mV 0C Model Hold 'HALT'
Slack : 0.341
TNS   : 0.000

Type  : Slow 1200mV 0C Model Hold '7493:sec_lo|13'
Slack : 0.531
TNS   : 0.000

Type  : Slow 1200mV 0C Model Hold '7490:div_by_10|14'
Slack : 0.592
TNS   : 0.000

Type  : Slow 1200mV 0C Model Hold 'CLOCK_60'
Slack : 1.123
TNS   : 0.000

Type  : Slow 1200mV 0C Model Recovery '7493:min_hi|16'
Slack : -3.609
TNS   : -4.932

Type  : Slow 1200mV 0C Model Recovery '7493:min_lo|16'
Slack : -3.606
TNS   : -13.673

Type  : Slow 1200mV 0C Model Recovery '7493:hour|16'
Slack : -2.561
TNS   : -7.677

Type  : Slow 1200mV 0C Model Recovery '7493:sec_hi|16'
Slack : -2.083
TNS   : -3.990

Type  : Slow 1200mV 0C Model Recovery 'HALT'
Slack : -1.915
TNS   : -4.426

Type  : Slow 1200mV 0C Model Recovery '7493:sec_lo|13'
Slack : -1.898
TNS   : -2.967

Type  : Slow 1200mV 0C Model Recovery '7493:sec_lo|16'
Slack : -1.267
TNS   : -4.568

Type  : Slow 1200mV 0C Model Recovery '7490:ms|7'
Slack : -1.194
TNS   : -1.986

Type  : Slow 1200mV 0C Model Recovery '7490:div_by_10|7'
Slack : -1.153
TNS   : -2.306

Type  : Slow 1200mV 0C Model Recovery 'CLOCK_60'
Slack : -1.113
TNS   : -1.113

Type  : Slow 1200mV 0C Model Recovery '7490:div_by_10|14'
Slack : -1.071
TNS   : -1.071

Type  : Slow 1200mV 0C Model Recovery '7490:ms|19'
Slack : -0.939
TNS   : -0.939

Type  : Slow 1200mV 0C Model Removal '7493:sec_lo|16'
Slack : 0.171
TNS   : 0.000

Type  : Slow 1200mV 0C Model Removal '7490:ms|19'
Slack : 0.280
TNS   : 0.000

Type  : Slow 1200mV 0C Model Removal '7490:ms|7'
Slack : 0.466
TNS   : 0.000

Type  : Slow 1200mV 0C Model Removal '7493:sec_lo|13'
Slack : 0.485
TNS   : 0.000

Type  : Slow 1200mV 0C Model Removal 'HALT'
Slack : 1.098
TNS   : 0.000

Type  : Slow 1200mV 0C Model Removal 'CLOCK_60'
Slack : 1.177
TNS   : 0.000

Type  : Slow 1200mV 0C Model Removal '7490:div_by_10|7'
Slack : 1.229
TNS   : 0.000

Type  : Slow 1200mV 0C Model Removal '7493:sec_hi|16'
Slack : 1.313
TNS   : 0.000

Type  : Slow 1200mV 0C Model Removal '7490:div_by_10|14'
Slack : 1.335
TNS   : 0.000

Type  : Slow 1200mV 0C Model Removal '7493:min_hi|16'
Slack : 1.764
TNS   : 0.000

Type  : Slow 1200mV 0C Model Removal '7493:min_lo|16'
Slack : 2.296
TNS   : 0.000

Type  : Slow 1200mV 0C Model Removal '7493:hour|16'
Slack : 3.066
TNS   : 0.000

Type  : Slow 1200mV 0C Model Minimum Pulse Width 'HALT'
Slack : -3.000
TNS   : -7.000

Type  : Slow 1200mV 0C Model Minimum Pulse Width 'CLOCK_60'
Slack : -3.000
TNS   : -4.000

Type  : Slow 1200mV 0C Model Minimum Pulse Width '7490:ms|7'
Slack : -1.000
TNS   : -4.000

Type  : Slow 1200mV 0C Model Minimum Pulse Width '7493:min_lo|16'
Slack : -1.000
TNS   : -4.000

Type  : Slow 1200mV 0C Model Minimum Pulse Width '7493:sec_lo|16'
Slack : -1.000
TNS   : -4.000

Type  : Slow 1200mV 0C Model Minimum Pulse Width '7493:hour|16'
Slack : -1.000
TNS   : -3.000

Type  : Slow 1200mV 0C Model Minimum Pulse Width '7490:div_by_10|7'
Slack : -1.000
TNS   : -2.000

Type  : Slow 1200mV 0C Model Minimum Pulse Width '7493:min_hi|16'
Slack : -1.000
TNS   : -2.000

Type  : Slow 1200mV 0C Model Minimum Pulse Width '7493:sec_hi|16'
Slack : -1.000
TNS   : -2.000

Type  : Slow 1200mV 0C Model Minimum Pulse Width '7493:sec_lo|13'
Slack : -1.000
TNS   : -2.000

Type  : Slow 1200mV 0C Model Minimum Pulse Width '7490:div_by_10|14'
Slack : -1.000
TNS   : -1.000

Type  : Slow 1200mV 0C Model Minimum Pulse Width '7490:ms|19'
Slack : -1.000
TNS   : -1.000

Type  : Fast 1200mV 0C Model Setup '7493:min_lo|16'
Slack : -1.133
TNS   : -1.133

Type  : Fast 1200mV 0C Model Setup '7493:sec_hi|16'
Slack : -0.725
TNS   : -0.725

Type  : Fast 1200mV 0C Model Setup '7493:min_hi|16'
Slack : -0.616
TNS   : -0.616

Type  : Fast 1200mV 0C Model Setup '7493:sec_lo|13'
Slack : -0.607
TNS   : -0.630

Type  : Fast 1200mV 0C Model Setup 'HALT'
Slack : -0.437
TNS   : -0.739

Type  : Fast 1200mV 0C Model Setup 'CLOCK_60'
Slack : -0.323
TNS   : -0.323

Type  : Fast 1200mV 0C Model Setup '7490:ms|7'
Slack : -0.160
TNS   : -0.160

Type  : Fast 1200mV 0C Model Setup '7490:div_by_10|14'
Slack : -0.065
TNS   : -0.065

Type  : Fast 1200mV 0C Model Setup '7490:ms|19'
Slack : 0.014
TNS   : 0.000

Type  : Fast 1200mV 0C Model Setup '7490:div_by_10|7'
Slack : 0.128
TNS   : 0.000

Type  : Fast 1200mV 0C Model Setup '7493:sec_lo|16'
Slack : 0.183
TNS   : 0.000

Type  : Fast 1200mV 0C Model Setup '7493:hour|16'
Slack : 0.450
TNS   : 0.000

Type  : Fast 1200mV 0C Model Hold '7493:sec_lo|16'
Slack : -0.436
TNS   : -0.436

Type  : Fast 1200mV 0C Model Hold '7490:ms|7'
Slack : 0.183
TNS   : 0.000

Type  : Fast 1200mV 0C Model Hold '7490:div_by_10|7'
Slack : 0.191
TNS   : 0.000

Type  : Fast 1200mV 0C Model Hold '7490:ms|19'
Slack : 0.198
TNS   : 0.000

Type  : Fast 1200mV 0C Model Hold '7493:hour|16'
Slack : 0.199
TNS   : 0.000

Type  : Fast 1200mV 0C Model Hold '7493:min_lo|16'
Slack : 0.199
TNS   : 0.000

Type  : Fast 1200mV 0C Model Hold '7493:min_hi|16'
Slack : 0.206
TNS   : 0.000

Type  : Fast 1200mV 0C Model Hold '7493:sec_hi|16'
Slack : 0.206
TNS   : 0.000

Type  : Fast 1200mV 0C Model Hold 'HALT'
Slack : 0.208
TNS   : 0.000

Type  : Fast 1200mV 0C Model Hold '7493:sec_lo|13'
Slack : 0.315
TNS   : 0.000

Type  : Fast 1200mV 0C Model Hold '7490:div_by_10|14'
Slack : 0.326
TNS   : 0.000

Type  : Fast 1200mV 0C Model Hold 'CLOCK_60'
Slack : 0.474
TNS   : 0.000

Type  : Fast 1200mV 0C Model Recovery '7493:min_hi|16'
Slack : -2.079
TNS   : -2.663

Type  : Fast 1200mV 0C Model Recovery '7493:min_lo|16'
Slack : -2.077
TNS   : -7.882

Type  : Fast 1200mV 0C Model Recovery '7493:hour|16'
Slack : -1.356
TNS   : -4.063

Type  : Fast 1200mV 0C Model Recovery '7493:sec_hi|16'
Slack : -1.101
TNS   : -2.004

Type  : Fast 1200mV 0C Model Recovery '7493:sec_lo|13'
Slack : -0.983
TNS   : -1.325

Type  : Fast 1200mV 0C Model Recovery 'HALT'
Slack : -0.813
TNS   : -1.605

Type  : Fast 1200mV 0C Model Recovery '7490:ms|7'
Slack : -0.528
TNS   : -0.528

Type  : Fast 1200mV 0C Model Recovery '7490:div_by_10|14'
Slack : -0.446
TNS   : -0.446

Type  : Fast 1200mV 0C Model Recovery '7493:sec_lo|16'
Slack : -0.437
TNS   : -1.447

Type  : Fast 1200mV 0C Model Recovery '7490:div_by_10|7'
Slack : -0.373
TNS   : -0.746

Type  : Fast 1200mV 0C Model Recovery '7490:ms|19'
Slack : -0.354
TNS   : -0.354

Type  : Fast 1200mV 0C Model Recovery 'CLOCK_60'
Slack : -0.192
TNS   : -0.192

Type  : Fast 1200mV 0C Model Removal '7493:sec_lo|16'
Slack : 0.124
TNS   : 0.000

Type  : Fast 1200mV 0C Model Removal '7490:ms|19'
Slack : 0.300
TNS   : 0.000

Type  : Fast 1200mV 0C Model Removal '7493:sec_lo|13'
Slack : 0.337
TNS   : 0.000

Type  : Fast 1200mV 0C Model Removal '7490:ms|7'
Slack : 0.404
TNS   : 0.000

Type  : Fast 1200mV 0C Model Removal 'HALT'
Slack : 0.476
TNS   : 0.000

Type  : Fast 1200mV 0C Model Removal 'CLOCK_60'
Slack : 0.587
TNS   : 0.000

Type  : Fast 1200mV 0C Model Removal '7490:div_by_10|7'
Slack : 0.810
TNS   : 0.000

Type  : Fast 1200mV 0C Model Removal '7493:sec_hi|16'
Slack : 0.887
TNS   : 0.000

Type  : Fast 1200mV 0C Model Removal '7490:div_by_10|14'
Slack : 1.015
TNS   : 0.000

Type  : Fast 1200mV 0C Model Removal '7493:min_hi|16'
Slack : 1.039
TNS   : 0.000

Type  : Fast 1200mV 0C Model Removal '7493:min_lo|16'
Slack : 1.651
TNS   : 0.000

Type  : Fast 1200mV 0C Model Removal '7493:hour|16'
Slack : 1.848
TNS   : 0.000

Type  : Fast 1200mV 0C Model Minimum Pulse Width 'HALT'
Slack : -3.000
TNS   : -7.000

Type  : Fast 1200mV 0C Model Minimum Pulse Width 'CLOCK_60'
Slack : -3.000
TNS   : -4.198

Type  : Fast 1200mV 0C Model Minimum Pulse Width '7490:ms|7'
Slack : -1.000
TNS   : -4.000

Type  : Fast 1200mV 0C Model Minimum Pulse Width '7493:min_lo|16'
Slack : -1.000
TNS   : -4.000

Type  : Fast 1200mV 0C Model Minimum Pulse Width '7493:sec_lo|16'
Slack : -1.000
TNS   : -4.000

Type  : Fast 1200mV 0C Model Minimum Pulse Width '7493:hour|16'
Slack : -1.000
TNS   : -3.000

Type  : Fast 1200mV 0C Model Minimum Pulse Width '7490:div_by_10|7'
Slack : -1.000
TNS   : -2.000

Type  : Fast 1200mV 0C Model Minimum Pulse Width '7493:min_hi|16'
Slack : -1.000
TNS   : -2.000

Type  : Fast 1200mV 0C Model Minimum Pulse Width '7493:sec_hi|16'
Slack : -1.000
TNS   : -2.000

Type  : Fast 1200mV 0C Model Minimum Pulse Width '7493:sec_lo|13'
Slack : -1.000
TNS   : -2.000

Type  : Fast 1200mV 0C Model Minimum Pulse Width '7490:div_by_10|14'
Slack : -1.000
TNS   : -1.000

Type  : Fast 1200mV 0C Model Minimum Pulse Width '7490:ms|19'
Slack : -1.000
TNS   : -1.000

------------------------------------------------------------
